[html.modernwebtemplates.com/canabicom/index.html]
[backblue.gif]
[fade.gif]
[index.html]
[html.modernwebtemplates.com/canabicom/css/bootstrap.min.css]
[html.modernwebtemplates.com/canabicom/css/animations.css]
[html.modernwebtemplates.com/canabicom/css/font-awesome5.css]
[html.modernwebtemplates.com/canabicom/css/fontello.css]
[html.modernwebtemplates.com/canabicom/css/main.css]
[html.modernwebtemplates.com/canabicom/css/shop.css]
[html.modernwebtemplates.com/canabicom/js/vendor/modernizr-2.6.2.min.js]
[html.modernwebtemplates.com/canabicom/images/signup.jpg]
[html.modernwebtemplates.com/canabicom/index-2.html]
[html.modernwebtemplates.com/canabicom/shop-product-right.html]
[html.modernwebtemplates.com/canabicom/images/shop/26.jpg]
[html.modernwebtemplates.com/canabicom/shop-cart.html]
[html.modernwebtemplates.com/canabicom/shop-checkout.html]
[html.modernwebtemplates.com/canabicom/images/logo.png]
[html.modernwebtemplates.com/canabicom/index-alt.html]
[html.modernwebtemplates.com/canabicom/index_static.html]
[html.modernwebtemplates.com/canabicom/index_singlepage.html]
[html.modernwebtemplates.com/canabicom/about.html]
[html.modernwebtemplates.com/canabicom/pricing.html]
[html.modernwebtemplates.com/canabicom/shortcodes_iconbox.html]
[html.modernwebtemplates.com/canabicom/shortcodes_typography.html]
[html.modernwebtemplates.com/canabicom/shortcodes_buttons.html]
[html.modernwebtemplates.com/canabicom/shortcodes_pricing.html]
[html.modernwebtemplates.com/canabicom/shortcodes_progress.html]
[html.modernwebtemplates.com/canabicom/shortcodes_tabs.html]
[html.modernwebtemplates.com/canabicom/shortcodes_bootstrap.html]
[html.modernwebtemplates.com/canabicom/shortcodes_animation.html]
[html.modernwebtemplates.com/canabicom/shortcodes_widgets_default.html]
[html.modernwebtemplates.com/canabicom/shortcodes_widgets_shop.html]
[html.modernwebtemplates.com/canabicom/shortcodes_widgets_custom.html]
[html.modernwebtemplates.com/canabicom/services.html]
[html.modernwebtemplates.com/canabicom/services2.html]
[html.modernwebtemplates.com/canabicom/service-single.html]
[html.modernwebtemplates.com/canabicom/gallery-image.html]
[html.modernwebtemplates.com/canabicom/gallery-image-2-cols.html]
[html.modernwebtemplates.com/canabicom/gallery-image-4-cols-fullwidth.html]
[html.modernwebtemplates.com/canabicom/gallery-title.html]
[html.modernwebtemplates.com/canabicom/gallery-title-2-cols.html]
[html.modernwebtemplates.com/canabicom/gallery-title-4-cols-fullwidth.html]
[html.modernwebtemplates.com/canabicom/gallery-excerpt.html]
[html.modernwebtemplates.com/canabicom/gallery-excerpt-2-cols.html]
[html.modernwebtemplates.com/canabicom/gallery-excerpt-4-cols-fullwidth.html]
[html.modernwebtemplates.com/canabicom/gallery-single.html]
[html.modernwebtemplates.com/canabicom/gallery-single2.html]
[html.modernwebtemplates.com/canabicom/team.html]
[html.modernwebtemplates.com/canabicom/team-single.html]
[html.modernwebtemplates.com/canabicom/faq.html]
[html.modernwebtemplates.com/canabicom/faq2.html]
[html.modernwebtemplates.com/canabicom/404.html]
[html.modernwebtemplates.com/canabicom/header1.html]
[html.modernwebtemplates.com/canabicom/header2.html]
[html.modernwebtemplates.com/canabicom/header3.html]
[html.modernwebtemplates.com/canabicom/header4.html]
[html.modernwebtemplates.com/canabicom/header5.html]
[html.modernwebtemplates.com/canabicom/header6.html]
[html.modernwebtemplates.com/canabicom/header-side.html]
[html.modernwebtemplates.com/canabicom/header-side-right.html]
[html.modernwebtemplates.com/canabicom/header-side-slide.html]
[html.modernwebtemplates.com/canabicom/header-side-slide-right.html]
[html.modernwebtemplates.com/canabicom/header-side-sticked.html]
[html.modernwebtemplates.com/canabicom/header-side-sticked-right.html]
[html.modernwebtemplates.com/canabicom/title1.html]
[html.modernwebtemplates.com/canabicom/title2.html]
[html.modernwebtemplates.com/canabicom/title3.html]
[html.modernwebtemplates.com/canabicom/title4.html]
[html.modernwebtemplates.com/canabicom/title5.html]
[html.modernwebtemplates.com/canabicom/title6.html]
[html.modernwebtemplates.com/canabicom/footer1.html]
[html.modernwebtemplates.com/canabicom/footer2.html]
[html.modernwebtemplates.com/canabicom/footer3.html]
[html.modernwebtemplates.com/canabicom/footer4.html]
[html.modernwebtemplates.com/canabicom/footer5.html]
[html.modernwebtemplates.com/canabicom/footer6.html]
[html.modernwebtemplates.com/canabicom/copyright1.html]
[html.modernwebtemplates.com/canabicom/copyright2.html]
[html.modernwebtemplates.com/canabicom/copyright3.html]
[html.modernwebtemplates.com/canabicom/copyright4.html]
[html.modernwebtemplates.com/canabicom/copyright5.html]
[html.modernwebtemplates.com/canabicom/copyright6.html]
[html.modernwebtemplates.com/canabicom/blog-right.html]
[html.modernwebtemplates.com/canabicom/blog-left.html]
[html.modernwebtemplates.com/canabicom/blog-full.html]
[html.modernwebtemplates.com/canabicom/blog-single-right.html]
[html.modernwebtemplates.com/canabicom/blog-single-left.html]
[html.modernwebtemplates.com/canabicom/blog-single-full.html]
[html.modernwebtemplates.com/canabicom/shop-right.html]
[html.modernwebtemplates.com/canabicom/shop-account-dashboard.html]
[html.modernwebtemplates.com/canabicom/shop-account-details.html]
[html.modernwebtemplates.com/canabicom/shop-account-addresses.html]
[html.modernwebtemplates.com/canabicom/shop-account-address-edit.html]
[html.modernwebtemplates.com/canabicom/shop-account-orders.html]
[html.modernwebtemplates.com/canabicom/shop-account-order-single.html]
[html.modernwebtemplates.com/canabicom/shop-account-downloads.html]
[html.modernwebtemplates.com/canabicom/shop-account-password-reset.html]
[html.modernwebtemplates.com/canabicom/shop-account-login.html]
[html.modernwebtemplates.com/canabicom/shop-left.html]
[html.modernwebtemplates.com/canabicom/shop-product-left.html]
[html.modernwebtemplates.com/canabicom/shop-order-received.html]
[html.modernwebtemplates.com/canabicom/contact2.html]
[html.modernwebtemplates.com/canabicom/contact3.html]
[html.modernwebtemplates.com/canabicom/contact4.html]
[html.modernwebtemplates.com/canabicom/images/mouse.png]
[html.modernwebtemplates.com/canabicom/images/slide01.jpg]
[html.modernwebtemplates.com/canabicom/images/slide02.jpg]
[html.modernwebtemplates.com/canabicom/images/slide03.jpg]
[html.modernwebtemplates.com/canabicom/images/shop/01.jpg]
[html.modernwebtemplates.com/canabicom/cart.html]
[html.modernwebtemplates.com/canabicom/images/shop/02.jpg]
[html.modernwebtemplates.com/canabicom/images/shop/03.jpg]
[html.modernwebtemplates.com/canabicom/images/shop/04.jpg]
[html.modernwebtemplates.com/canabicom/images/shop/05.jpg]
[html.modernwebtemplates.com/canabicom/images/shop/06.jpg]
[html.modernwebtemplates.com/canabicom/images/gallery/tiled/01.jpg]
[html.modernwebtemplates.com/canabicom/images/gallery/full/01.jpg]
[html.modernwebtemplates.com/canabicom/images/gallery/tiled/02.jpg]
[html.modernwebtemplates.com/canabicom/images/gallery/full/04.jpg]
[html.modernwebtemplates.com/canabicom/images/gallery/tiled/03.jpg]
[html.modernwebtemplates.com/canabicom/images/gallery/full/02.jpg]
[html.modernwebtemplates.com/canabicom/images/gallery/tiled/04.jpg]
[html.modernwebtemplates.com/canabicom/images/gallery/full/03.jpg]
[html.modernwebtemplates.com/canabicom/images/shop/category/category1.jpg]
[html.modernwebtemplates.com/canabicom/shop-right.html.html]
[html.modernwebtemplates.com/canabicom/images/shop/category/category2.jpg]
[html.modernwebtemplates.com/canabicom/images/shop/category/category3.jpg]
[html.modernwebtemplates.com/canabicom/images/blog/slide1.jpg]
[html.modernwebtemplates.com/canabicom/images/blog/slide2.jpg]
[html.modernwebtemplates.com/canabicom/images/blog/slide3.jpg]
[html.modernwebtemplates.com/canabicom/images/team/testimonial1.jpg]
[html.modernwebtemplates.com/canabicom/images/team/testimonial2.jpg]
[html.modernwebtemplates.com/canabicom/images/team/testimonial3.jpg]
[html.modernwebtemplates.com/canabicom/images/icons/icon13.png]
[html.modernwebtemplates.com/canabicom/images/icons/icon14.png]
[html.modernwebtemplates.com/cdn-cgi/scripts/5c5dd728/cloudflare-static/email-decode.min.js]
[html.modernwebtemplates.com/canabicom/js/main.js]
[html.modernwebtemplates.com/canabicom/index.html]
[html.modernwebtemplates.com/canabicom/css/bootstrap.min.css]
[html.modernwebtemplates.com/canabicom/css/animations.css]
[html.modernwebtemplates.com/canabicom/js/compressed.js]
[html.modernwebtemplates.com/canabicom/js/switcher.js]
[html.modernwebtemplates.com/canabicom/fonts/fa-brands-400d41d.eot]
[html.modernwebtemplates.com/canabicom/fonts/fa-brands-400.woff2]
[html.modernwebtemplates.com/canabicom/fonts/fa-brands-400.eot]
[html.modernwebtemplates.com/canabicom/fonts/fa-brands-400.woff]
[html.modernwebtemplates.com/canabicom/fonts/fa-brands-400.ttf]
[html.modernwebtemplates.com/canabicom/fonts/fa-brands-400.svg]
[html.modernwebtemplates.com/canabicom/fonts/fa-regular-400.eot]
[html.modernwebtemplates.com/canabicom/fonts/fa-regular-400d41d.eot]
[html.modernwebtemplates.com/canabicom/fonts/fa-regular-400.woff2]
[html.modernwebtemplates.com/canabicom/fonts/fa-regular-400.woff]
[html.modernwebtemplates.com/canabicom/fonts/fa-regular-400.ttf]
[html.modernwebtemplates.com/canabicom/fonts/fa-regular-400.svg]
[html.modernwebtemplates.com/canabicom/fonts/fa-solid-900.eot]
[html.modernwebtemplates.com/canabicom/fonts/fa-solid-900d41d.eot]
[html.modernwebtemplates.com/canabicom/fonts/fa-solid-900.woff2]
[html.modernwebtemplates.com/canabicom/fonts/fa-solid-900.woff]
[html.modernwebtemplates.com/canabicom/fonts/fa-solid-900.ttf]
[html.modernwebtemplates.com/canabicom/css/font-awesome5.css]
[html.modernwebtemplates.com/canabicom/fonts/fa-solid-900.svg]
[html.modernwebtemplates.com/canabicom/fonts/fontello/fontelloe10a.eot]
[html.modernwebtemplates.com/canabicom/fonts/fontello/fontelloe10a.woff2]
[html.modernwebtemplates.com/canabicom/fonts/fontello/fontelloe10a.woff]
[html.modernwebtemplates.com/canabicom/fonts/fontello/fontelloe10a.ttf]
[html.modernwebtemplates.com/canabicom/css/fontello.css]
[html.modernwebtemplates.com/canabicom/fonts/fontello/fontelloe10a.svg]
[html.modernwebtemplates.com/canabicom/img/quote.png]
[html.modernwebtemplates.com/canabicom/img/owl.video.play.png]
[html.modernwebtemplates.com/canabicom/img/photoswipe/default-skin.png]
[html.modernwebtemplates.com/canabicom/img/photoswipe/default-skin.svg]
[html.modernwebtemplates.com/canabicom/img/photoswipe/preloader.gif]
[html.modernwebtemplates.com/canabicom/img/background-texture-cover.jpg]
[html.modernwebtemplates.com/canabicom/img/patterns/pattern0.png]
[html.modernwebtemplates.com/canabicom/img/preloader.gif]
[html.modernwebtemplates.com/canabicom/img/patterns/pattern1.png]
[html.modernwebtemplates.com/canabicom/img/patterns/pattern2.png]
[html.modernwebtemplates.com/canabicom/img/patterns/pattern3.png]
[html.modernwebtemplates.com/canabicom/img/patterns/pattern4.png]
[html.modernwebtemplates.com/canabicom/img/patterns/pattern5.png]
[html.modernwebtemplates.com/canabicom/img/patterns/pattern6.png]
[html.modernwebtemplates.com/canabicom/img/patterns/pattern7.png]
[html.modernwebtemplates.com/canabicom/img/patterns/pattern8.png]
[html.modernwebtemplates.com/canabicom/img/patterns/pattern9.png]
[html.modernwebtemplates.com/canabicom/img/patterns/pattern10.png]
[html.modernwebtemplates.com/canabicom/img/patterns/pattern11.png]
[html.modernwebtemplates.com/canabicom/img/parallax/map-dark.jpg]
[html.modernwebtemplates.com/canabicom/img/parallax/map-light.jpg]
[html.modernwebtemplates.com/canabicom/img/parallax/light-abstract.jpg]
[html.modernwebtemplates.com/canabicom/img/parallax/light-wood.jpg]
[html.modernwebtemplates.com/canabicom/img/select-arrow.png]
[html.modernwebtemplates.com/canabicom/images/parallax/video_section_background.jpg]
[html.modernwebtemplates.com/canabicom/img/parallax/title.jpg]
[html.modernwebtemplates.com/canabicom/img/parallax/404_bg.jpg]
[html.modernwebtemplates.com/canabicom/images/about_bg.jpg]
[html.modernwebtemplates.com/canabicom/images/features_bg.jpg]
[html.modernwebtemplates.com/canabicom/images/contact_bg.jpg]
[html.modernwebtemplates.com/canabicom/images/fq_bg.jpg]
[html.modernwebtemplates.com/canabicom/images/testimonials_bg.jpg]
[html.modernwebtemplates.com/canabicom/images/delivery_bg.jpg]
[html.modernwebtemplates.com/canabicom/images/subscribe_bg.jpg]
[html.modernwebtemplates.com/canabicom/images/shop-categories_bg.jpg]
[html.modernwebtemplates.com/canabicom/images/location_bg.jpg]
[html.modernwebtemplates.com/canabicom/css/main.css]
[html.modernwebtemplates.com/canabicom/css/shop.css]
[html.modernwebtemplates.com/canabicom/index-2.html]
[html.modernwebtemplates.com/canabicom/images/shop/10.jpg]
[html.modernwebtemplates.com/canabicom/images/shop/07.jpg]
[html.modernwebtemplates.com/canabicom/images/shop/08.jpg]
[html.modernwebtemplates.com/canabicom/images/shop/09.jpg]
[html.modernwebtemplates.com/canabicom/shop-product-right.html]
[html.modernwebtemplates.com/canabicom/shop-cart.html]
[html.modernwebtemplates.com/canabicom/shop-checkout.html]
[html.modernwebtemplates.com/canabicom/shop-product-@@type.html]
[html.modernwebtemplates.com/canabicom/images/side-img1.jpg]
[html.modernwebtemplates.com/canabicom/images/side-img2.jpg]
[html.modernwebtemplates.com/canabicom/images/side-img3.jpg]
[html.modernwebtemplates.com/canabicom/images/partners/01.png]
[html.modernwebtemplates.com/canabicom/images/partners/02.png]
[html.modernwebtemplates.com/canabicom/images/partners/03.png]
[html.modernwebtemplates.com/canabicom/images/partners/04.png]
[html.modernwebtemplates.com/canabicom/images/partners/05.png]
[html.modernwebtemplates.com/canabicom/images/partners/06.png]
[html.modernwebtemplates.com/canabicom/index-alt.html]
[html.modernwebtemplates.com/canabicom/index_static.html]
[html.modernwebtemplates.com/canabicom/index_singlepage.html]
[html.modernwebtemplates.com/canabicom/about.html]
[html.modernwebtemplates.com/canabicom/pricing.html]
[html.modernwebtemplates.com/canabicom/shortcodes_iconbox.html]
[html.modernwebtemplates.com/canabicom/images/side-image-small.jpg]
[html.modernwebtemplates.com/canabicom/shortcodes_typography.html]
[html.modernwebtemplates.com/canabicom/shortcodes_buttons.html]
[html.modernwebtemplates.com/canabicom/shortcodes_pricing.html]
[html.modernwebtemplates.com/canabicom/shortcodes_progress.html]
[html.modernwebtemplates.com/canabicom/shortcodes_tabs.html]
[html.modernwebtemplates.com/canabicom/images/team/02.jpg]
[html.modernwebtemplates.com/canabicom/images/team/03.jpg]
[html.modernwebtemplates.com/canabicom/images/team/04.jpg]
[html.modernwebtemplates.com/canabicom/shortcodes_bootstrap.html]
[html.modernwebtemplates.com/canabicom/shortcodes_animation.html]
[html.modernwebtemplates.com/canabicom/shortcodes_widgets_default.html]
[html.modernwebtemplates.com/canabicom/shortcodes_widgets_shop.html]
[html.modernwebtemplates.com/canabicom/gallery-regular.html]
[html.modernwebtemplates.com/canabicom/images/recent_post1.jpg]
[html.modernwebtemplates.com/canabicom/images/recent_post2.jpg]
[html.modernwebtemplates.com/canabicom/images/recent_post3.jpg]
[html.modernwebtemplates.com/canabicom/images/gallery/01.jpg]
[html.modernwebtemplates.com/canabicom/images/gallery/02.jpg]
[html.modernwebtemplates.com/canabicom/images/gallery/03.jpg]
[html.modernwebtemplates.com/canabicom/images/gallery/04.jpg]
[html.modernwebtemplates.com/canabicom/shortcodes_widgets_custom.html]
[html.modernwebtemplates.com/canabicom/images/icons/icon5.png]
[html.modernwebtemplates.com/canabicom/images/icons/icon6.png]
[html.modernwebtemplates.com/canabicom/images/icons/icon7.png]
[html.modernwebtemplates.com/canabicom/images/icons/icon8.png]
[html.modernwebtemplates.com/canabicom/images/icons/icon9.png]
[html.modernwebtemplates.com/canabicom/images/icons/icon10.png]
[html.modernwebtemplates.com/canabicom/services.html]
[html.modernwebtemplates.com/canabicom/services2.html]
[html.modernwebtemplates.com/canabicom/service-single.html]
[html.modernwebtemplates.com/canabicom/images/gallery/square/01.jpg]
[html.modernwebtemplates.com/canabicom/images/gallery/square/02.jpg]
[html.modernwebtemplates.com/canabicom/images/gallery/square/03.jpg]
[html.modernwebtemplates.com/canabicom/images/gallery/square/04.jpg]
[html.modernwebtemplates.com/canabicom/images/gallery/square/05.jpg]
[html.modernwebtemplates.com/canabicom/images/gallery/full/05.jpg]
[html.modernwebtemplates.com/canabicom/images/gallery/square/06.jpg]
[html.modernwebtemplates.com/canabicom/images/gallery/full/06.jpg]
[html.modernwebtemplates.com/canabicom/images/gallery/square/07.jpg]
[html.modernwebtemplates.com/canabicom/images/gallery/full/07.jpg]
[html.modernwebtemplates.com/canabicom/images/gallery/square/08.jpg]
[html.modernwebtemplates.com/canabicom/images/gallery/full/08.jpg]
[html.modernwebtemplates.com/canabicom/images/gallery/square/09.jpg]
[html.modernwebtemplates.com/canabicom/gallery-image.html]
[html.modernwebtemplates.com/canabicom/gallery-image-2-cols.html]
[html.modernwebtemplates.com/canabicom/gallery-image-4-cols-fullwidth.html]
[html.modernwebtemplates.com/canabicom/gallery-title.html]
[html.modernwebtemplates.com/canabicom/gallery-title-2-cols.html]
[html.modernwebtemplates.com/canabicom/gallery-title-4-cols-fullwidth.html]
[html.modernwebtemplates.com/canabicom/gallery-excerpt.html]
[html.modernwebtemplates.com/canabicom/gallery-excerpt-2-cols.html]
[html.modernwebtemplates.com/canabicom/gallery-excerpt-4-cols-fullwidth.html]
[html.modernwebtemplates.com/canabicom/gallery-single.html]
[html.modernwebtemplates.com/canabicom/gallery-single2.html]
[html.modernwebtemplates.com/canabicom/images/team/01.jpg]
[html.modernwebtemplates.com/canabicom/images/team/05.jpg]
[html.modernwebtemplates.com/canabicom/images/team/06.jpg]
[html.modernwebtemplates.com/canabicom/team.html]
[html.modernwebtemplates.com/canabicom/images/team/07.jpg]
[html.modernwebtemplates.com/canabicom/team-single.html]
[html.modernwebtemplates.com/canabicom/images/icons/icon11.png]
[html.modernwebtemplates.com/canabicom/images/icons/icon12.png]
[html.modernwebtemplates.com/canabicom/faq.html]
[html.modernwebtemplates.com/canabicom/faq2.html]
[html.modernwebtemplates.com/canabicom/img/404.png]
[html.modernwebtemplates.com/canabicom/404.html]
[html.modernwebtemplates.com/canabicom/header1.html]
[html.modernwebtemplates.com/canabicom/header2.html]
[html.modernwebtemplates.com/canabicom/header3.html]
[html.modernwebtemplates.com/canabicom/header4.html]
[html.modernwebtemplates.com/canabicom/images/flags/us.gif]
[html.modernwebtemplates.com/canabicom/images/flags/de.gif]
[html.modernwebtemplates.com/canabicom/images/flags/fr.gif]
[html.modernwebtemplates.com/canabicom/images/flags/it.gif]
[html.modernwebtemplates.com/canabicom/header5.html]
[html.modernwebtemplates.com/canabicom/images/toplogo-image.jpg]
[html.modernwebtemplates.com/canabicom/header6.html]
[html.modernwebtemplates.com/canabicom/header-side.html]
[html.modernwebtemplates.com/canabicom/header-side-right.html]
[html.modernwebtemplates.com/canabicom/header-side-slide.html]
[html.modernwebtemplates.com/canabicom/header-side-slide-right.html]
[html.modernwebtemplates.com/canabicom/header-side-sticked.html]
[html.modernwebtemplates.com/canabicom/header-side-sticked-right.html]
[html.modernwebtemplates.com/canabicom/title1.html]
[html.modernwebtemplates.com/canabicom/title2.html]
[html.modernwebtemplates.com/canabicom/title3.html]
[html.modernwebtemplates.com/canabicom/title4.html]
[html.modernwebtemplates.com/canabicom/title5.html]
[html.modernwebtemplates.com/canabicom/title6.html]
[html.modernwebtemplates.com/canabicom/footer1.html]
[html.modernwebtemplates.com/canabicom/footer2.html]
[html.modernwebtemplates.com/canabicom/footer3.html]
[html.modernwebtemplates.com/canabicom/footer4.html]
[html.modernwebtemplates.com/canabicom/footer5.html]
[html.modernwebtemplates.com/canabicom/footer6.html]
[html.modernwebtemplates.com/canabicom/copyright1.html]
[html.modernwebtemplates.com/canabicom/copyright2.html]
[html.modernwebtemplates.com/canabicom/copyright3.html]
[html.modernwebtemplates.com/canabicom/copyright4.html]
[html.modernwebtemplates.com/canabicom/copyright5.html]
[html.modernwebtemplates.com/canabicom/copyright6.html]
[html.modernwebtemplates.com/canabicom/images/blog/01.jpg]
[html.modernwebtemplates.com/canabicom/images/blog/03.jpg]
[html.modernwebtemplates.com/canabicom/images/blog/02.jpg]
[html.modernwebtemplates.com/canabicom/images/blog/04.jpg]
[html.modernwebtemplates.com/canabicom/images/blog/06.jpg]
[html.modernwebtemplates.com/canabicom/blog-right.html]
[html.modernwebtemplates.com/canabicom/blog-left.html]
[html.modernwebtemplates.com/canabicom/blog-full.html]
[html.modernwebtemplates.com/canabicom/blog-single-right.html]
[html.modernwebtemplates.com/canabicom/blog-single-left.html]
[html.modernwebtemplates.com/canabicom/blog-single-full.html]
[html.modernwebtemplates.com/canabicom/shop-right.html]
[html.modernwebtemplates.com/canabicom/shop-account-dashboard.html]
[html.modernwebtemplates.com/canabicom/shop-account-details.html]
[html.modernwebtemplates.com/canabicom/shop-account-addresses.html]
[html.modernwebtemplates.com/canabicom/shop-account-address-edit.html]
[html.modernwebtemplates.com/canabicom/shop-account-orders.html]
[html.modernwebtemplates.com/canabicom/shop-account-order-single.html]
[html.modernwebtemplates.com/canabicom/shop-account-downloads.html]
[html.modernwebtemplates.com/canabicom/shop-account-password-reset.html]
[html.modernwebtemplates.com/canabicom/shop-account-login.html]
[html.modernwebtemplates.com/canabicom/shop-left.html]
[html.modernwebtemplates.com/canabicom/shop-account-address.html]
[html.modernwebtemplates.com/canabicom/shop-product-left.html]
[html.modernwebtemplates.com/canabicom/shop-order-received.html]
[html.modernwebtemplates.com/canabicom/images/map_marker_icon.png]
[html.modernwebtemplates.com/canabicom/images/icons/icon1.png]
[html.modernwebtemplates.com/canabicom/images/icons/icon2.png]
[html.modernwebtemplates.com/canabicom/images/icons/icon3.png]
[html.modernwebtemplates.com/canabicom/images/icons/icon4.png]
[html.modernwebtemplates.com/canabicom/contact2.html]
[html.modernwebtemplates.com/canabicom/images/map_marker_icon2.png]
[html.modernwebtemplates.com/canabicom/images/map_marker_icon3.png]
[html.modernwebtemplates.com/canabicom/images/map_marker_icon4.png]
[html.modernwebtemplates.com/canabicom/contact3.html]
[html.modernwebtemplates.com/canabicom/contact4.html]
[html.modernwebtemplates.com/canabicom/cart.html]
[html.modernwebtemplates.com/canabicom/shop-right.html.html]
[html.modernwebtemplates.com/canabicom/fonts/fa-brands-400.svg]
[html.modernwebtemplates.com/canabicom/fonts/fa-regular-400.svg]
[html.modernwebtemplates.com/canabicom/fonts/fa-solid-900.svg]
[html.modernwebtemplates.com/canabicom/fonts/fontello/fontelloe10a.svg]
[html.modernwebtemplates.com/canabicom/img/photoswipe/default-skin.svg]
[html.modernwebtemplates.com/canabicom/shop-product-@@type.html]
[html.modernwebtemplates.com/canabicom/gallery-regular.html]
[html.modernwebtemplates.com/canabicom/shop-account-address.html]
[html.modernwebtemplates.com/canabicom/contact.html]
